// Jest Snapshot v1, https://goo.gl/fbAQLP

exports[`custom matchers sample 1 1`] = `
[MockFunction] {
  "calls": Array [
    Array [],
    Array [
      1,
      2,
    ],
  ],
  "results": Array [
    Object {
      "type": "return",
      "value": undefined,
    },
    Object {
      "type": "return",
      "value": undefined,
    },
  ],
}
`;
